---
source: tests/pipeline_streams.rs
expression: snapshot
input_file: tests/fixtures/streams/claude/todo-plan.jsonl
---
line_count: 118
checkpoint_count: 9
checkpoints:
  - line_index: 0
    event_type: system
    roles: []
    last_part_types: []
  - line_index: 7
    event_type: assistant
    roles:
      - assistant
    last_part_types:
      - reasoning
  - line_index: 20
    event_type: assistant
    roles:
      - assistant
    last_part_types:
      - reasoning
      - tool-call
  - line_index: 23
    event_type: user
    roles:
      - assistant
    last_part_types:
      - reasoning
      - tool-call
  - line_index: 25
    event_type: rate_limit_event
    roles:
      - assistant
    last_part_types:
      - reasoning
      - tool-call
  - line_index: 103
    event_type: assistant
    roles:
      - assistant
    last_part_types:
      - reasoning
      - tool-call
      - todo-list
  - line_index: 106
    event_type: user
    roles:
      - assistant
    last_part_types:
      - reasoning
      - tool-call
      - todo-list
  - line_index: 112
    event_type: assistant
    roles:
      - assistant
    last_part_types:
      - reasoning
      - tool-call
      - todo-list
      - text
  - line_index: 116
    event_type: result
    roles:
      - assistant
      - system
    last_part_types:
      - text
final_state:
  message_count: 2
  roles:
    - assistant
    - system
  total_parts: 5
persisted_turns:
  turn_count: 5
  total_blocks: 6
  turns:
    - role: assistant
      block_types:
        - thinking
        - tool_use
    - role: user
      block_types:
        - tool_result
    - role: assistant
      block_types:
        - tool_use
    - role: user
      block_types:
        - tool_result
    - role: assistant
      block_types:
        - text
historical_render:
  message_count: 1
  messages:
    - role: assistant
      part_types:
        - reasoning
        - tool-call
        - todo-list
        - text
