---
source: tests/pipeline_fixtures.rs
expression: messages
input_file: tests/fixtures/pipeline/codex_commits/input.json
---
- role: user
  id: 9f526f85-a815-458d-9c88-13ab137c199f
  createdAt: "2026-04-05T03:44:09.513Z"
  content:
    - type: text
      text: 查看一下最近的三条commits跟我讲一下都做了什么
- role: system
  id: 130333fe-a885-4f4f-bb29-dac9d6767854
  createdAt: "2026-04-05T03:44:14.036Z"
  content:
    - type: text
      text: System
- role: assistant
  id: aa8123fd-b896-49bb-b31d-4bed3f8b3606
  createdAt: "2026-04-05T03:44:27.292Z"
  content:
    - type: text
      text: 我先看当前分支最近 3 条提交的提交信息和变更范围，再结合 diff 给你压缩成可读的中文总结。
    - type: tool-call
      toolCallId: call_0hh8hszTX0pTGekP4xWwIKO5
      toolName: Bash
      args:
        command: "git log -3 --pretty=format:'commit %H%nAuthor: %an%nDate:   %ad%nSubject: %s%n' --date=iso"
      argsText: "{\"command\":\"git log -3 --pretty=format:'commit %H%nAuthor: %an%nDate:   %ad%nSubject: %s%n' --date=iso\"}"
    - type: tool-call
      toolCallId: call_cZinpgylbrDdwwtzaQap8mMO
      toolName: Bash
      args:
        command: git log --oneline --decorate -3
      argsText: "{\"command\":\"git log --oneline --decorate -3\"}"
      result: "79b85bc6ad (HEAD -> lgq/wechat-ai-partner, origin/feature/0326-boss, lgq/wechat-ai-partner-import) Merge remote-tracking branch 'origin/main' into feature/0326-boss\n15719566ea (tag: v0.0.38) Merge branch 'fix/c0304' into 'main'\nea8aa3bf52 feat(meeting): C04 说话人识别新增标志性原话字段 signature_quote\n"
    - type: text
      text: 我在展开看这三条提交各自实际带进来了哪些文件和主题，尤其两个 merge commit 需要区分“合并动作”本身和“合进来的内容”。
    - type: tool-call
      toolCallId: call_yPMzDq4IzjZD954V7XS3BOBb
      toolName: Bash
      args:
        command: "git diff --stat 79b85bc6ad''^1 79b85bc6ad"
      argsText: "{\"command\":\"git diff --stat 79b85bc6ad''^1 79b85bc6ad\"}"
    - type: tool-call
      toolCallId: call_x5fDF0gsYtDd6IRF7cDp4114
      toolName: Bash
      args:
        command: git show --stat --summary --format=medium ea8aa3bf52fe078c8fc186b96dc1a64ce9bd89fd
      argsText: "{\"command\":\"git show --stat --summary --format=medium ea8aa3bf52fe078c8fc186b96dc1a64ce9bd89fd\"}"
    - type: tool-call
      toolCallId: call_XMe31X8JY29iLPpVUDUqifPp
      toolName: Bash
      args:
        command: "git diff --stat 15719566ea''^1 15719566ea"
      argsText: "{\"command\":\"git diff --stat 15719566ea''^1 15719566ea\"}"
      result: " .../services/partner/meeting/meeting_bootstrap.go  |  11 +-\n .../partner/meeting/meeting_bootstrap_llm.go       |  14 ++-\n .../partner/meeting/meeting_bootstrap_prompt.go    |   7 +-\n .../partner/meeting/meeting_bootstrap_render.go    |  13 ++-\n .../meeting/meeting_branch_coverage_test.go        | 126 +++++++++++++++------\n .../partner/meeting/meeting_c06_helpers_test.go    |  28 +++++\n .../services/partner/meeting/meeting_callback.go   |  17 +--\n .../partner/meeting/meeting_card_builders_test.go  |  11 +-\n .../meeting/meeting_pipeline_integration_test.go   |   6 +-\n .../partner/meeting/meeting_prompt_templates.go    |  30 ++---\n .../meeting/meeting_prompt_templates_test.go       |   8 +-\n .../meeting_speaker_binding_integration_test.go    |  15 ++-\n 12 files changed, 200 insertions(+), 86 deletions(-)\n"
    - type: tool-call
      toolCallId: call_IAKujwXBqPs05QrdlD9MGf40
      toolName: Bash
      args:
        command: "git log --oneline --no-merges 15719566ea''^1..15719566ea''^2"
      argsText: "{\"command\":\"git log --oneline --no-merges 15719566ea''^1..15719566ea''^2\"}"
    - type: tool-call
      toolCallId: call_I2GJEBNP4H4SkqzKwpCySVuC
      toolName: Bash
      args:
        command: "git log --oneline --no-merges 79b85bc6ad''^1..79b85bc6ad''^2"
      argsText: "{\"command\":\"git log --oneline --no-merges 79b85bc6ad''^1..79b85bc6ad''^2\"}"
    - type: tool-call
      toolCallId: call_mxRsb1xDYAYA8D5QZ1YAvtvS
      toolName: Bash
      args:
        command: "git show --summary --format=raw 15719566ea | sed -n '1,12p'"
      argsText: "{\"command\":\"git show --summary --format=raw 15719566ea | sed -n '1,12p'\"}"
    - type: tool-call
      toolCallId: call_Y4hZlEjtISk4Nu2CAL5WLQCr
      toolName: Bash
      args:
        command: "git show --summary --format=raw 79b85bc6ad | sed -n '1,12p'"
      argsText: "{\"command\":\"git show --summary --format=raw 79b85bc6ad | sed -n '1,12p'\"}"
      result: "commit 79b85bc6ad9e4ee69a8aa8bde78631df6df40aa3\ntree 3c2bc013fc60ac8e1ec85b8f6d51e82f972e8d22\nparent 641a1a5504791f0733880307cfe35f9a0ba81834\nparent 15719566ea1c9ca73ef0790137d815da741a9d0e\nauthor wangfusheng <wangfusheng@hundun.cn> 1775208582 +0800\ncommitter wangfusheng <wangfusheng@hundun.cn> 1775208582 +0800\n\n    Merge remote-tracking branch 'origin/main' into feature/0326-boss\n\n create mode 100644 packages-pc/hddr/src/claw/new-user-tour.ts\n"
    - type: text
      text: "我已经把三条提交串起来了：最新一条是把 `origin/main` 合到当前分支，前一条是把 `fix/c0304` 合到 `main`，真正的功能改动主要集中在第三条 `feat(meeting)`。"
    - type: tool-call
      toolCallId: call_lYM0YihB6vvEXriiMk5unj7O
      toolName: Bash
      args:
        command: "push \"已总结最近3条提交内容\""
      argsText: "{\"command\":\"push \\\"已总结最近3条提交内容\\\"\"}"
      result: "zsh:1: command not found: push\n"
    - type: text
      text: "通知命令没有直接进环境，我补一次显式加载 `~/.zshrc` 后再发通知。"
    - type: tool-call
      toolCallId: call_hDe7vt0oAIVWv5mYdKNXC6ze
      toolName: Bash
      args:
        command: "source ~/.zshrc && push \"已总结最近3条提交内容\""
      argsText: "{\"command\":\"source ~/.zshrc && push \\\"已总结最近3条提交内容\\\"\"}"
      result: ""
    - type: text
      text: "按当前分支 `lgq/wechat-ai-partner` 的最近 3 条提交看，时间顺序是 2026-04-03，当中真正新增功能的核心是第 3 条，前两条主要是合并动作。\n\n1. `79b85bc6ad` `Merge remote-tracking branch 'origin/main' into feature/0326-boss`\n把 `origin/main` 的最新内容同步到当前功能分支里。实际带进来的内容主要有两块：\n- `meeting` 侧带入了 `signature_quote` 这组说话人识别能力改动\n- `packages-pc/hddr/src/claw` 带入了一批前端改动，重点是桌面端新手引导、布局/UI 调整、聊天页细节修正、路由和埋点补充，以及一些 debug/console 清理\n\n2. `15719566ea` `Merge branch 'fix/c0304' into 'main'`\n这是把 `fix/c0304` 合进 `main` 的 merge commit，本身基本不是单独写新逻辑，主要作用是把下面那条 `feat(meeting)` 正式并入主线。\n\n3. `ea8aa3bf52` `feat(meeting): C04 说话人识别新增标志性原话字段 signature_quote`\n这是这三条里最实质的一次功能提交，主要做了：\n- 给会议 C04 说话人识别结果新增 `signature_quote` 字段，用来保存“标志性原话”\n- 更新 LLM 输出格式、normalize 逻辑和 prompt，要求输出更具体的业务名词和逐字原话\n- 调整展示逻辑，把 `signal_summary + signature_quote` 组合起来展示\n- 人物绑定回调 payload 增加 `signature_quote`\n- 补了对应单测和集成测试\n\n一句话概括：最近这三条提交的主线就是“新增会议说话人识别里的代表性原话字段”，然后把这项能力先并到 `main`，再同步回你当前分支；同时顺带同步进来一批 `claw` 前端新手引导和界面整理的改动。\n\n如果你要，我可以继续把第 1 条 merge 里前端那批改动再拆成“具体改了哪些页面/交互”。"
  status:
    type: complete
    reason: stop
- role: system
  id: 2f846a36-9fb1-4c4b-aebd-4ceafb465564
  createdAt: "2026-04-05T03:45:28.970Z"
  content:
    - type: text
      text: "in 21,224 • out 683"
